[eval] 대상 문서: ['CLIP1_정상조립과정.mp4', 'CLIP2.mp4', 'CLIP3_재부팅시도 전까지.mp4', 'CLIP4_재부팅및BIOS.mp4']

ID   클립      판정     항목
------------------------------------------------------------------------------
A1   CLIP1   회수✓  [침묵]슬롯 라벨·색상으로 채널 구성을 먼저 파악한 뒤 삽입 (01:40, 침묵
      [정확일치] ← tk_CLIP1_정상조립과정_001 (그룹 ['채널', '색'])
      정답지 문구: "슬롯 라벨·색상으로 채널 구성을 먼저 파악한 뒤 삽입 (01:40, 침묵)"
      산출물 근거[채널]: "…확인 슬롯 위치와 RAM 모듈의 색상 확인을 통해 채널을 정확히 맞추고 제거해야 하므로, 이를 통해 …"
      산출물 근거[색]: "… RAM 모듈 제거 시 슬롯 위치와 RAM 모듈의 색상 확인 슬롯 위치와 RAM 모듈의 색상 확인을 …"
A2   CLIP1   회수✓  [침묵]커넥터를 눈이 아니라 손으로 눌러 촉각 재확인 (02:50, 침묵)
      [정확일치] ← tk_CLIP1_정상조립과정_001 (그룹 ['커넥터', '손'])
      정답지 문구: "커넥터를 눈이 아니라 손으로 눌러 촉각 재확인 (02:50, 침묵)"
      산출물 근거[커넥터]: "… 상단과 하단 모두를 잡고 함께 들어 올린다 전원 커넥터 순서가 있어요 GPU를 케이스에서 완전히 꺼…"
      산출물 근거[손]: "…더보이드가 잘 보이도록 이렇게 세팅하면 됩니다 두 손으로 검은 덮개를 들어 올려 열고 내린다 케이스를…"
A3   CLIP2   회수✓        LED 깜빡임 패턴을 끝까지 읽고 RAM/CPU 계통으로 즉시 좁힘
      [정확일치] ← tk_CLIP2_001 (그룹 ['황색', '백색'])
      정답지 문구: "LED 깜빡임 패턴을 끝까지 읽고 RAM/CPU 계통으로 즉시 좁힘"
      산출물 근거[황색]: "…내부를 열고, 손가락으로 내부의 GPU를 잡아당김 황색 4번에 백색 5번이면은 램 불량이네요 원인을 …"
      산출물 근거[백색]: "… 손가락으로 내부의 GPU를 잡아당김 황색 4번에 백색 5번이면은 램 불량이네요 원인을 좁히기 전에 …"
A4   CLIP2   회수✓        특정 부품 의심 전에 연결 상태 전체를 체계적으로 선점검 (당겨보기 포함
      [정확일치] ← tk_CLIP2_001 (그룹 ['연결', '전체'])
      정답지 문구: "특정 부품 의심 전에 연결 상태 전체를 체계적으로 선점검 (당겨보기 포함)"
      산출물 근거[연결]: "… 슬롯 파손 방지 디스크 드라이브와 GPU 제거는 연결 상태 확인을 위해 필요하며, RAM 제거 및 …"
      산출물 근거[전체]: "…불량이네요 원인을 좁히기 전에 일단 연결 상태부터 전체 확인을 해야합니다 검지와 엄지로 GPU의 고정…"
A5   CLIP2   회수✓        래치 양쪽 동시 누름 — 한쪽만 누르면 슬롯 파손
      [정확일치] ← tk_CLIP2_001 (그룹 ['양쪽', '동시'])
      정답지 문구: "래치 양쪽 동시 누름 — 한쪽만 누르면 슬롯 파손"
      산출물 근거[양쪽]: "…U 제거, RAM 제거 및 확인, RAM 삽입 시 양쪽을 동시에 눌러 슬롯 파손 방지 디스크 드라이브…"
      산출물 근거[동시]: "…, RAM 제거 및 확인, RAM 삽입 시 양쪽을 동시에 눌러 슬롯 파손 방지 디스크 드라이브와 GP…"
A6   CLIP3   회수✓        새 부품이라도 단자 산화막 세척이 교체보다 우선
      [정확일치] ← tk_CLIP3_재부팅시도 전까지_001 (그룹 ['산화'])
      정답지 문구: "새 부품이라도 단자 산화막 세척이 교체보다 우선"
      산출물 근거[산화]: "…손 검지와 엄지로 클립을 열고 왼손으로 잡아당김. 산화막이 접촉 불량을 만들 수가 있습니다. RAM을…"
A7   CLIP3   회수✓        래치 잠금을 클릭 소리 2회(청각)+당겨보기(촉각)로 이중 확인
      [정확일치] ← tk_CLIP3_재부팅시도 전까지_001 (그룹 ['클릭', '두'])
      정답지 문구: "래치 잠금을 클릭 소리 2회(청각)+당겨보기(촉각)로 이중 확인"
      산출물 근거[클릭]: "… RAM을 조금 더 아래로 밀어 고정핀이 자동으로 클릭되는 방식으로 설치합니다. RAM을 완전히 삽입…"
      산출물 근거[두]: "… 삽입하기 위해 좌우로 살짝 움직인다 클릭 소리가 두 번이나게 끼워야 합니다. RAM을 쥐고 메인보드…"
A8   CLIP3   누락✗        슬롯 색상·라벨로 채널 구성 즉시 파악 (6채널 워크스테이션 지식)
A9   CLIP4   회수✓        부팅 성공으로 끝내지 않고 BIOS 용량·채널 수치 최종 확인
      [정확일치] ← tk_CLIP4_재부팅및BIOS_001 (그룹 ['BIOS', '용량'])
      정답지 문구: "부팅 성공으로 끝내지 않고 BIOS 용량·채널 수치 최종 확인"
      산출물 근거[BIOS]: "컴퓨터를 부팅하고 BIOS 메뉴에 진입하여 시스템 정보를 확인하는 과…"
      산출물 근거[용량]: "…이 열려 있고 좌우로 나뉘어 정보 목록이 표시된다 용량이 맞게 잡혔는지 확인 여기서 용량이 맞게 잡혔…"
------------------------------------------------------------------------------
[eval] 회수율: 8/9  (침묵 항목: 2/2)

[eval] S1 CLIP2:
  conflict=true 존재: 아니오 (VLM 관찰에 LED 횟수 없으면 false 가 정상 — 정답지 주석)
  LED 관련 후보 tk_CLIP2_001: reasoning_origin=model_inferred ✗ (기대 utterance, 실제 model_inferred), conflict=False
