[eval] 대상 문서: ['CLIP1_정상조립과정.mp4', 'CLIP2.mp4', 'CLIP3_재부팅시도 전까지.mp4', 'CLIP4_재부팅및BIOS.mp4']

ID   클립      판정     항목
------------------------------------------------------------------------------
A1   CLIP1   회수✓  [침묵]슬롯 라벨과 색상으로 채널 구성을 먼저 파악한 뒤 삽입 (00:25~01
      [정확일치] ← tk_CLIP1_정상조립과정_004 (그룹 ['채널', '색'])
      정답지 문구: "슬롯 라벨과 색상으로 채널 구성을 먼저 파악한 뒤 삽입 (00:25~01:15, 침묵)"
      산출물 근거[채널]: "… 이 슬롯에 먼저 꽂으면 됩니다 (발화) 색상으로 채널이 나뉘어져 있어요 색상으로 채널이 나뉘어져 있…"
      산출물 근거[색]: "…면 됩니다 이 슬롯에 먼저 꽂으면 됩니다 (발화) 색상으로 채널이 나뉘어져 있어요 색상으로 채널이 나…"
A2   CLIP1   회수✓  [침묵]POWER2(GPU전원) 커넥터를 끼운 직후 손으로 눌러 촉각 재확인 (
      [정확일치] ← tk_CLIP1_정상조립과정_007 (그룹 ['커넥터', '손'])
      정답지 문구: "POWER2(GPU전원) 커넥터를 끼운 직후 손으로 눌러 촉각 재확인 (01:45~02:40, 침묵)"
      산출물 근거[커넥터]: "…고 아래쪽으로 밀어내는 동작을 한다 (발화) 전원 커넥터 순서가 있어요 전원 커넥터 순서가 있어요 G…"
      산출물 근거[손]: "… GPU의 PCIe 스티커 부분을 가볍게 누르고 왼손으로 GPU를 들어 올리는 동작을 한다 (발화) …"
A3   CLIP2   회수✓        LED 깜빡임 패턴을 끝까지 읽고 원인을 RAM/CPU 계통으로 즉시 좁
      [정확일치] ← tk_CLIP2_001 (그룹 ['황색', '백색'])
      정답지 문구: "LED 깜빡임 패턴을 끝까지 읽고 원인을 RAM/CPU 계통으로 즉시 좁힌다 (00:00~00:29)"
      산출물 근거[황색]: "… 아래쪽 방향으로 당겨 열면서 내려놓는다 (발화) 황색 4번에 백색 5번이면은 램 불량이네요 원인을 …"
      산출물 근거[백색]: "…으로 당겨 열면서 내려놓는다 (발화) 황색 4번에 백색 5번이면은 램 불량이네요 원인을 좁히기 전에 …"
A4   CLIP2   회수✓        특정 부품을 의심하기 전 연결 상태 전체를 체계적으로 먼저 점검한다 (0
      [정확일치] ← tk_CLIP2_001 (그룹 ['연결', '전체'])
      정답지 문구: "특정 부품을 의심하기 전 연결 상태 전체를 체계적으로 먼저 점검한다 (00:30~01:07)"
      산출물 근거[연결]: "…PU 카드를 확인한다. 전원 버튼을 눌러 컴퓨터의 연결 상태를 확인하고, 케이스를 열어 GPU 카드의…"
      산출물 근거[전체]: "…불량이네요 원인을 좁히기 전에 일단 연결 상태부터 전체 확인을 해야합니다 황색 4번에 백색 5번이면은…"
A5   CLIP2   회수✓        RAM 탈거 시 래치 양쪽을 동시에 눌러야 한다 — 한쪽만 누르면 슬롯 
      [정확일치] ← tk_CLIP2_004 (그룹 ['양쪽', '동시'])
      정답지 문구: "RAM 탈거 시 래치 양쪽을 동시에 눌러야 한다 — 한쪽만 누르면 슬롯 파손 (01:29~01:53)"
      산출물 근거[양쪽]: "…올려 뚫리는 방향으로 당긴다 (발화) 램을 뺄때는 양쪽을 동시에 눌러 줘야 합니다 램을 뺄때는 양쪽을…"
      산출물 근거[동시]: "…리는 방향으로 당긴다 (발화) 램을 뺄때는 양쪽을 동시에 눌러 줘야 합니다 램을 뺄때는 양쪽을 동시에…"
A6   CLIP3   회수✓        새 부품이라도 단자 산화막 세척이 교체보다 우선이다 (00:05~01:1
      [정확일치] ← tk_CLIP3_재부팅시도 전까지_004 (그룹 ['산화'])
      정답지 문구: "새 부품이라도 단자 산화막 세척이 교체보다 우선이다 (00:05~01:11)"
      산출물 근거[산화]: "…이렇게 한 번씩 닦아줘야 합니다.'라고 말하고, '산화막이 접촉 불량을 만들 수가 있습니다.'라고 말…"
A7   CLIP3   회수✓        래치 잠금을 클릭 소리 2회(청각)+당겨보기(촉각)로 이중 확인한다 (0
      [정확일치] ← tk_CLIP3_재부팅시도 전까지_006 (그룹 ['클릭', '두'])
      정답지 문구: "래치 잠금을 클릭 소리 2회(청각)+당겨보기(촉각)로 이중 확인한다 (01:25~01:50)"
      산출물 근거[클릭]: "…었으며, 동시에 왼손으로 RAM을 잡았다 (발화) 클릭 소리가 두 번이나게 끼워야 합니다. 클릭 소리…"
      산출물 근거[두]: "…에 왼손으로 RAM을 잡았다 (발화) 클릭 소리가 두 번이나게 끼워야 합니다. 클릭 소리가 두 번이나…"
A8   CLIP4   회수✓        부팅 성공으로 끝내지 않고 BIOS 용량·채널 수치를 최종 확인한다 (0
      [정확일치] ← tk_CLIP4_재부팅및BIOS_006 (그룹 ['BIOS', '용량'])
      정답지 문구: "부팅 성공으로 끝내지 않고 BIOS 용량·채널 수치를 최종 확인한다 (01:10~02:55)"
      산출물 근거[BIOS]: "명장은 키보드의 F1, F2, ESC 키를 누르며 BIOS 설정을 변경한다. 키보드의 F1, F2, …"
      산출물 근거[용량]: "…alled 항목이 보이고, 각 DIMM 카운트 및 용량 정보가 표시된다"
------------------------------------------------------------------------------
[eval] 회수율: 8/8  (침묵 항목: 2/2)

[eval] S1 CLIP2:
  conflict=true 존재: 아니오 (VLM 관찰에 LED 횟수 없으면 false 가 정상 — 정답지 주석)
  LED 관련 후보 tk_CLIP2_001: reasoning_origin=utterance ✓ 정답, conflict=False
  LED 관련 후보 tk_CLIP2_002: reasoning_origin=utterance ✓ 정답, conflict=False
